../Core/Src/main.c:98:5:main	24	static,ignoring_inline_asm
../Core/Src/main.c:178:6:SystemClock_Config	120	static
../Core/Src/main.c:238:13:MX_ETH_Init	8	static
../Core/Src/main.c:287:13:MX_SDMMC1_SD_Init	8	static
../Core/Src/main.c:318:13:MX_TIM1_Init	56	static
../Core/Src/main.c:369:13:MX_TIM2_Init	48	static
../Core/Src/main.c:422:13:MX_GPIO_Init	56	static
../Core/Src/main.c:537:6:MPU_Config	24	static
../Core/Src/main.c:583:6:HAL_TIM_PeriodElapsedCallback	16	static
../Core/Src/main.c:601:6:Error_Handler	4	static,ignoring_inline_asm
